2026-05-09 10:39:05,100 | INFO | device | Device executor started (offline_rate=0.00).
2026-05-09 10:39:05,102 | INFO | device | Connected to MQTT broker.
2026-05-09 10:40:24,859 | INFO | device | Device alarm state changed: off -> on
2026-05-09 10:40:25,666 | INFO | device | Device light state changed: off -> on
2026-05-09 10:40:30,494 | INFO | device | Device alarm state changed: on -> off
2026-05-09 10:42:16,114 | INFO | device | Device light state changed: on -> off
2026-05-09 10:44:05,982 | INFO | device | Device alarm state changed: off -> on
2026-05-09 10:44:06,795 | INFO | device | Device light state changed: off -> on
2026-05-09 10:44:09,221 | INFO | device | Device alarm state changed: on -> off
2026-05-09 10:45:04,743 | INFO | device | Device light state changed: on -> off
2026-05-09 10:47:02,111 | INFO | device | Device alarm state changed: off -> on
2026-05-09 10:47:02,918 | INFO | device | Device light state changed: off -> on
2026-05-09 10:47:05,330 | INFO | device | Device alarm state changed: on -> off
2026-05-09 10:48:16,091 | INFO | device | Device light state changed: on -> off
2026-05-09 10:49:58,205 | INFO | device | Device alarm state changed: off -> on
2026-05-09 10:49:59,013 | INFO | device | Device light state changed: off -> on
2026-05-09 10:50:03,031 | INFO | device | Device alarm state changed: on -> off
2026-05-09 10:51:04,923 | INFO | device | Device light state changed: on -> off
2026-05-09 10:52:26,154 | INFO | device | Device light state changed: off -> on
2026-05-09 10:54:15,516 | INFO | device | Device light state changed: on -> off
2026-05-09 10:55:15,969 | INFO | device | Device ac state changed: on -> off
2026-05-09 10:55:16,918 | INFO | device | Device ac state changed: off -> on
2026-05-09 10:55:23,875 | INFO | device | Device ac state changed: on -> off
2026-05-09 10:55:31,111 | INFO | device | Device light state changed: off -> on
2026-05-09 10:57:04,386 | INFO | device | Device light state changed: on -> off
2026-05-09 10:58:22,395 | INFO | device | Device ac state changed: off -> on
2026-05-09 10:58:51,324 | INFO | device | Device alarm state changed: off -> on
2026-05-09 10:58:52,170 | INFO | device | Device light state changed: off -> on
2026-05-09 10:58:55,389 | INFO | device | Device alarm state changed: on -> off
2026-05-09 11:06:02,041 | INFO | device | Device executor started (offline_rate=0.00).
2026-05-09 11:06:02,043 | INFO | device | Connected to MQTT broker.
2026-05-09 11:07:19,168 | INFO | device | Connected to MQTT broker.
2026-05-09 11:07:19,171 | INFO | device | Device ac state changed: on -> off
2026-05-09 11:07:19,171 | INFO | device | Device ac unchanged (off)
2026-05-09 11:07:19,172 | INFO | device | Device ac unchanged (off)
2026-05-09 11:07:19,172 | INFO | device | Device ac unchanged (off)
2026-05-09 11:07:19,172 | INFO | device | Device ac unchanged (off)
2026-05-09 11:07:19,172 | INFO | device | Device ac unchanged (off)
2026-05-09 11:07:19,172 | INFO | device | Device ac unchanged (off)
2026-05-09 11:07:19,172 | INFO | device | Device ac unchanged (off)
2026-05-09 11:07:19,173 | INFO | device | Device ac unchanged (off)
2026-05-09 11:07:19,173 | INFO | device | Device ac unchanged (off)
2026-05-09 11:07:19,173 | INFO | device | Device ac unchanged (off)
2026-05-09 11:07:19,173 | INFO | device | Device ac unchanged (off)
2026-05-09 11:07:19,173 | INFO | device | Device ac unchanged (off)
2026-05-09 11:07:19,173 | INFO | device | Device ac unchanged (off)
2026-05-09 11:07:19,173 | INFO | device | Device ac unchanged (off)
2026-05-09 11:07:19,173 | INFO | device | Device ac unchanged (off)
2026-05-09 11:07:19,173 | INFO | device | Device ac unchanged (off)
2026-05-09 11:07:19,174 | INFO | device | Device ac unchanged (off)
2026-05-09 11:07:19,174 | INFO | device | Device ac unchanged (off)
2026-05-09 11:07:19,174 | INFO | device | Device ac unchanged (off)
2026-05-09 11:07:19,174 | INFO | device | Device ac unchanged (off)
2026-05-09 11:07:19,174 | INFO | device | Device ac unchanged (off)
2026-05-09 11:07:19,174 | INFO | device | Device ac unchanged (off)
2026-05-09 11:07:19,175 | INFO | device | Device ac unchanged (off)
2026-05-09 11:07:19,175 | INFO | device | Device ac unchanged (off)
2026-05-09 11:07:19,175 | INFO | device | Device ac unchanged (off)
2026-05-09 11:07:19,175 | INFO | device | Device ac unchanged (off)
2026-05-09 11:07:19,175 | INFO | device | Device ac unchanged (off)
2026-05-09 11:07:19,175 | INFO | device | Device ac unchanged (off)
2026-05-09 11:07:19,175 | INFO | device | Device ac unchanged (off)
2026-05-09 11:07:19,175 | INFO | device | Device ac unchanged (off)
2026-05-09 11:07:19,176 | INFO | device | Device ac unchanged (off)
2026-05-09 11:07:19,176 | INFO | device | Device ac unchanged (off)
2026-05-09 11:07:19,176 | INFO | device | Device ac unchanged (off)
2026-05-09 11:07:19,176 | INFO | device | Device ac unchanged (off)
2026-05-09 11:07:19,176 | INFO | device | Device ac unchanged (off)
2026-05-09 11:07:19,176 | INFO | device | Device ac unchanged (off)
2026-05-09 11:07:19,176 | INFO | device | Device ac unchanged (off)
2026-05-09 11:07:19,176 | INFO | device | Device ac unchanged (off)
2026-05-09 11:07:19,176 | INFO | device | Device ac unchanged (off)
2026-05-09 11:07:19,176 | INFO | device | Device ac unchanged (off)
2026-05-09 11:07:19,176 | INFO | device | Device ac unchanged (off)
2026-05-09 11:07:19,177 | INFO | device | Device ac unchanged (off)
2026-05-09 11:07:19,177 | INFO | device | Device ac unchanged (off)
2026-05-09 11:07:19,177 | INFO | device | Device ac unchanged (off)
2026-05-09 11:07:19,177 | INFO | device | Device ac unchanged (off)
2026-05-09 11:07:19,178 | INFO | device | Device ac unchanged (off)
2026-05-09 11:07:19,178 | INFO | device | Device ac unchanged (off)
2026-05-09 11:07:19,178 | INFO | device | Device ac unchanged (off)
2026-05-09 11:07:19,178 | INFO | device | Device ac unchanged (off)
2026-05-09 11:07:19,178 | INFO | device | Device ac unchanged (off)
2026-05-09 11:07:19,178 | INFO | device | Device ac unchanged (off)
2026-05-09 11:07:19,178 | INFO | device | Device ac unchanged (off)
2026-05-09 11:07:19,178 | INFO | device | Device ac unchanged (off)
2026-05-09 11:07:19,178 | INFO | device | Device ac unchanged (off)
2026-05-09 11:07:19,178 | INFO | device | Device ac unchanged (off)
2026-05-09 11:07:19,692 | INFO | device | Device light state changed: on -> off
2026-05-09 11:07:20,176 | INFO | device | Connected to MQTT broker.
2026-05-09 11:07:21,181 | INFO | device | Connected to MQTT broker.
2026-05-09 11:07:22,190 | INFO | device | Connected to MQTT broker.
2026-05-09 11:07:23,194 | INFO | device | Connected to MQTT broker.
2026-05-09 11:07:24,203 | INFO | device | Connected to MQTT broker.
2026-05-09 11:07:25,205 | INFO | device | Connected to MQTT broker.
2026-05-09 11:07:26,212 | INFO | device | Connected to MQTT broker.
2026-05-09 11:07:27,215 | INFO | device | Connected to MQTT broker.
2026-05-09 11:07:27,727 | INFO | device | Device light state changed: off -> on
2026-05-09 11:07:28,222 | INFO | device | Connected to MQTT broker.
2026-05-09 11:07:29,230 | INFO | device | Connected to MQTT broker.
2026-05-09 11:07:30,237 | INFO | device | Connected to MQTT broker.
2026-05-09 11:07:31,245 | INFO | device | Connected to MQTT broker.
2026-05-09 11:07:32,254 | INFO | device | Connected to MQTT broker.
2026-05-09 11:07:33,262 | INFO | device | Connected to MQTT broker.
2026-05-09 11:07:34,268 | INFO | device | Connected to MQTT broker.
2026-05-09 11:07:35,275 | INFO | device | Connected to MQTT broker.
2026-05-09 11:07:36,282 | INFO | device | Connected to MQTT broker.
2026-05-09 11:07:37,290 | INFO | device | Connected to MQTT broker.
2026-05-09 11:07:38,295 | INFO | device | Connected to MQTT broker.
2026-05-09 11:07:39,302 | INFO | device | Connected to MQTT broker.
2026-05-09 11:07:40,305 | INFO | device | Connected to MQTT broker.
2026-05-09 11:07:41,312 | INFO | device | Connected to MQTT broker.
2026-05-09 11:07:42,320 | INFO | device | Connected to MQTT broker.
2026-05-09 11:07:43,328 | INFO | device | Connected to MQTT broker.
2026-05-09 11:07:44,336 | INFO | device | Connected to MQTT broker.
2026-05-09 11:07:45,343 | INFO | device | Connected to MQTT broker.
2026-05-09 11:07:46,351 | INFO | device | Connected to MQTT broker.
2026-05-09 11:07:47,355 | INFO | device | Connected to MQTT broker.
2026-05-09 11:07:48,363 | INFO | device | Connected to MQTT broker.
2026-05-09 11:07:49,368 | INFO | device | Connected to MQTT broker.
2026-05-09 11:07:50,375 | INFO | device | Connected to MQTT broker.
2026-05-09 11:07:51,382 | INFO | device | Connected to MQTT broker.
2026-05-09 11:07:52,388 | INFO | device | Connected to MQTT broker.
2026-05-09 11:07:53,394 | INFO | device | Connected to MQTT broker.
2026-05-09 11:07:54,403 | INFO | device | Connected to MQTT broker.
2026-05-09 11:07:55,412 | INFO | device | Connected to MQTT broker.
2026-05-09 11:07:56,416 | INFO | device | Connected to MQTT broker.
2026-05-09 11:07:57,424 | INFO | device | Connected to MQTT broker.
2026-05-09 11:07:58,431 | INFO | device | Connected to MQTT broker.
2026-05-09 11:07:59,439 | INFO | device | Connected to MQTT broker.
2026-05-09 11:08:00,446 | INFO | device | Connected to MQTT broker.
2026-05-09 11:08:01,451 | INFO | device | Connected to MQTT broker.
2026-05-09 11:08:02,460 | INFO | device | Connected to MQTT broker.
2026-05-09 11:08:03,467 | INFO | device | Connected to MQTT broker.
2026-05-09 11:08:04,471 | INFO | device | Connected to MQTT broker.
2026-05-09 11:08:05,225 | INFO | device | Device alarm state changed: off -> on
2026-05-09 11:08:05,477 | INFO | device | Connected to MQTT broker.
2026-05-09 11:08:06,453 | INFO | device | Device light unchanged (on)
2026-05-09 11:08:06,484 | INFO | device | Connected to MQTT broker.
2026-05-09 11:08:07,491 | INFO | device | Connected to MQTT broker.
2026-05-09 11:08:08,499 | INFO | device | Connected to MQTT broker.
2026-05-09 11:08:09,244 | INFO | device | Device alarm state changed: on -> off
2026-05-09 11:08:09,506 | INFO | device | Connected to MQTT broker.
2026-05-09 11:08:10,510 | INFO | device | Connected to MQTT broker.
2026-05-09 11:08:11,519 | INFO | device | Connected to MQTT broker.
2026-05-09 11:08:12,527 | INFO | device | Connected to MQTT broker.
2026-05-09 11:08:13,535 | INFO | device | Connected to MQTT broker.
2026-05-09 11:08:14,538 | INFO | device | Connected to MQTT broker.
2026-05-09 11:08:15,544 | INFO | device | Connected to MQTT broker.
2026-05-09 11:08:16,549 | INFO | device | Connected to MQTT broker.
2026-05-09 11:08:17,555 | INFO | device | Connected to MQTT broker.
2026-05-09 11:08:18,563 | INFO | device | Connected to MQTT broker.
2026-05-09 11:08:19,571 | INFO | device | Connected to MQTT broker.
2026-05-09 11:08:20,578 | INFO | device | Connected to MQTT broker.
2026-05-09 11:08:21,586 | INFO | device | Connected to MQTT broker.
2026-05-09 11:08:22,594 | INFO | device | Connected to MQTT broker.
2026-05-09 11:08:23,596 | INFO | device | Connected to MQTT broker.
2026-05-09 11:08:24,564 | INFO | device | Device light unchanged (on)
2026-05-09 11:08:24,606 | INFO | device | Connected to MQTT broker.
2026-05-09 11:08:25,615 | INFO | device | Connected to MQTT broker.
2026-05-09 11:08:26,620 | INFO | device | Connected to MQTT broker.
2026-05-09 11:08:27,627 | INFO | device | Connected to MQTT broker.
2026-05-09 11:08:28,631 | INFO | device | Connected to MQTT broker.
2026-05-09 11:08:29,637 | INFO | device | Connected to MQTT broker.
2026-05-09 11:08:30,645 | INFO | device | Connected to MQTT broker.
2026-05-09 11:08:31,652 | INFO | device | Connected to MQTT broker.
2026-05-09 11:08:32,659 | INFO | device | Connected to MQTT broker.
2026-05-09 11:08:33,668 | INFO | device | Connected to MQTT broker.
2026-05-09 11:08:34,674 | INFO | device | Connected to MQTT broker.
2026-05-09 11:08:35,679 | INFO | device | Connected to MQTT broker.
2026-05-09 11:08:36,686 | INFO | device | Connected to MQTT broker.
2026-05-09 11:08:37,689 | INFO | device | Connected to MQTT broker.
2026-05-09 11:08:38,693 | INFO | device | Connected to MQTT broker.
2026-05-09 11:08:39,700 | INFO | device | Connected to MQTT broker.
2026-05-09 11:08:40,705 | INFO | device | Connected to MQTT broker.
2026-05-09 11:08:41,711 | INFO | device | Connected to MQTT broker.
2026-05-09 11:08:42,718 | INFO | device | Connected to MQTT broker.
2026-05-09 11:08:43,725 | INFO | device | Connected to MQTT broker.
2026-05-09 11:08:44,732 | INFO | device | Connected to MQTT broker.
2026-05-09 11:08:45,741 | INFO | device | Connected to MQTT broker.
2026-05-09 11:08:46,704 | INFO | device | Device ac unchanged (off)
2026-05-09 11:08:46,748 | INFO | device | Connected to MQTT broker.
2026-05-09 11:08:47,754 | INFO | device | Connected to MQTT broker.
2026-05-09 11:08:48,758 | INFO | device | Connected to MQTT broker.
2026-05-09 11:08:49,762 | INFO | device | Connected to MQTT broker.
2026-05-09 11:08:50,769 | INFO | device | Connected to MQTT broker.
2026-05-09 11:08:51,776 | INFO | device | Connected to MQTT broker.
2026-05-09 11:08:52,740 | INFO | device | Device ac unchanged (off)
2026-05-09 11:08:52,785 | INFO | device | Connected to MQTT broker.
2026-05-09 11:08:53,790 | INFO | device | Connected to MQTT broker.
2026-05-09 11:08:54,795 | INFO | device | Connected to MQTT broker.
2026-05-09 11:08:55,799 | INFO | device | Connected to MQTT broker.
2026-05-09 11:08:56,806 | INFO | device | Connected to MQTT broker.
2026-05-09 11:08:57,812 | INFO | device | Connected to MQTT broker.
2026-05-09 11:08:58,816 | INFO | device | Connected to MQTT broker.
2026-05-09 11:08:59,822 | INFO | device | Connected to MQTT broker.
2026-05-09 11:09:00,830 | INFO | device | Connected to MQTT broker.
2026-05-09 11:09:01,839 | INFO | device | Connected to MQTT broker.
2026-05-09 11:09:02,801 | INFO | device | Device light unchanged (on)
2026-05-09 11:09:02,842 | INFO | device | Connected to MQTT broker.
2026-05-09 11:09:03,848 | INFO | device | Connected to MQTT broker.
2026-05-09 11:09:04,853 | INFO | device | Connected to MQTT broker.
2026-05-09 11:09:05,861 | INFO | device | Connected to MQTT broker.
2026-05-09 11:09:06,869 | INFO | device | Connected to MQTT broker.
2026-05-09 11:09:07,874 | INFO | device | Connected to MQTT broker.
2026-05-09 11:09:08,882 | INFO | device | Connected to MQTT broker.
2026-05-09 11:09:09,887 | INFO | device | Connected to MQTT broker.
2026-05-09 11:09:10,892 | INFO | device | Connected to MQTT broker.
2026-05-09 11:09:11,897 | INFO | device | Connected to MQTT broker.
2026-05-09 11:09:12,904 | INFO | device | Connected to MQTT broker.
2026-05-09 11:09:13,909 | INFO | device | Connected to MQTT broker.
2026-05-09 11:09:14,916 | INFO | device | Connected to MQTT broker.
2026-05-09 11:09:15,925 | INFO | device | Connected to MQTT broker.
2026-05-09 11:09:16,929 | INFO | device | Connected to MQTT broker.
2026-05-09 11:09:17,919 | INFO | device | Device light unchanged (off)
2026-05-09 11:09:17,934 | INFO | device | Connected to MQTT broker.
2026-05-09 11:09:18,937 | INFO | device | Connected to MQTT broker.
2026-05-09 11:09:19,943 | INFO | device | Connected to MQTT broker.
2026-05-09 11:09:20,949 | INFO | device | Connected to MQTT broker.
2026-05-09 11:09:21,952 | INFO | device | Connected to MQTT broker.
2026-05-09 11:09:22,958 | INFO | device | Connected to MQTT broker.
2026-05-09 11:09:23,956 | INFO | device | Device light unchanged (off)
2026-05-09 11:09:23,965 | INFO | device | Connected to MQTT broker.
2026-05-09 11:09:24,970 | INFO | device | Connected to MQTT broker.
2026-05-09 11:09:25,972 | INFO | device | Connected to MQTT broker.
2026-05-09 11:09:26,976 | INFO | device | Connected to MQTT broker.
2026-05-09 11:09:27,980 | INFO | device | Connected to MQTT broker.
2026-05-09 11:09:28,984 | INFO | device | Connected to MQTT broker.
2026-05-09 11:09:29,987 | INFO | device | Connected to MQTT broker.
2026-05-09 11:09:30,994 | INFO | device | Connected to MQTT broker.
2026-05-09 11:09:32,003 | INFO | device | Connected to MQTT broker.
2026-05-09 11:09:33,012 | INFO | device | Connected to MQTT broker.
2026-05-09 11:09:34,016 | INFO | device | Connected to MQTT broker.
2026-05-09 11:09:35,022 | INFO | device | Connected to MQTT broker.
2026-05-09 11:09:36,030 | INFO | device | Connected to MQTT broker.
2026-05-09 11:09:36,353 | INFO | device | Device light state changed: on -> off
2026-05-09 11:09:37,039 | INFO | device | Connected to MQTT broker.
2026-05-09 11:09:38,044 | INFO | device | Connected to MQTT broker.
2026-05-09 11:09:39,053 | INFO | device | Connected to MQTT broker.
2026-05-09 11:09:40,062 | INFO | device | Connected to MQTT broker.
2026-05-09 11:09:41,069 | INFO | device | Connected to MQTT broker.
2026-05-09 11:09:42,076 | INFO | device | Connected to MQTT broker.
2026-05-09 11:09:43,085 | INFO | device | Connected to MQTT broker.
2026-05-09 11:09:44,094 | INFO | device | Connected to MQTT broker.
2026-05-09 11:09:45,097 | INFO | device | Connected to MQTT broker.
2026-05-09 11:09:46,106 | INFO | device | Connected to MQTT broker.
2026-05-09 11:09:47,114 | INFO | device | Connected to MQTT broker.
2026-05-09 11:09:48,124 | INFO | device | Connected to MQTT broker.
2026-05-09 11:09:49,130 | INFO | device | Connected to MQTT broker.
2026-05-09 11:09:50,136 | INFO | device | Connected to MQTT broker.
2026-05-09 11:09:51,143 | INFO | device | Connected to MQTT broker.
2026-05-09 11:09:52,153 | INFO | device | Connected to MQTT broker.
2026-05-09 11:09:53,161 | INFO | device | Connected to MQTT broker.
2026-05-09 11:09:54,169 | INFO | device | Connected to MQTT broker.
2026-05-09 11:09:55,172 | INFO | device | Connected to MQTT broker.
2026-05-09 11:09:56,176 | INFO | device | Connected to MQTT broker.
2026-05-09 11:09:57,181 | INFO | device | Connected to MQTT broker.
2026-05-09 11:09:58,188 | INFO | device | Connected to MQTT broker.
2026-05-09 11:09:59,197 | INFO | device | Connected to MQTT broker.
2026-05-09 11:10:00,203 | INFO | device | Connected to MQTT broker.
2026-05-09 11:10:01,211 | INFO | device | Connected to MQTT broker.
2026-05-09 11:10:02,220 | INFO | device | Connected to MQTT broker.
2026-05-09 11:10:03,225 | INFO | device | Connected to MQTT broker.
2026-05-09 11:10:04,230 | INFO | device | Connected to MQTT broker.
2026-05-09 11:10:05,239 | INFO | device | Connected to MQTT broker.
2026-05-09 11:10:06,247 | INFO | device | Connected to MQTT broker.
2026-05-09 11:10:07,252 | INFO | device | Connected to MQTT broker.
2026-05-09 11:10:08,258 | INFO | device | Connected to MQTT broker.
2026-05-09 11:10:09,265 | INFO | device | Connected to MQTT broker.
2026-05-09 11:10:10,273 | INFO | device | Connected to MQTT broker.
2026-05-09 11:10:11,282 | INFO | device | Connected to MQTT broker.
2026-05-09 11:10:12,291 | INFO | device | Connected to MQTT broker.
2026-05-09 11:10:13,299 | INFO | device | Connected to MQTT broker.
2026-05-09 11:10:14,303 | INFO | device | Connected to MQTT broker.
2026-05-09 11:10:15,306 | INFO | device | Connected to MQTT broker.
2026-05-09 11:10:16,316 | INFO | device | Connected to MQTT broker.
2026-05-09 11:10:17,321 | INFO | device | Connected to MQTT broker.
2026-05-09 11:10:18,329 | INFO | device | Connected to MQTT broker.
2026-05-09 11:10:19,334 | INFO | device | Connected to MQTT broker.
2026-05-09 11:10:20,340 | INFO | device | Connected to MQTT broker.
2026-05-09 11:10:21,348 | INFO | device | Connected to MQTT broker.
2026-05-09 11:10:22,355 | INFO | device | Connected to MQTT broker.
2026-05-09 11:10:23,361 | INFO | device | Connected to MQTT broker.
2026-05-09 11:10:24,366 | INFO | device | Connected to MQTT broker.
2026-05-09 11:10:25,373 | INFO | device | Connected to MQTT broker.
2026-05-09 11:10:26,379 | INFO | device | Connected to MQTT broker.
2026-05-09 11:10:27,387 | INFO | device | Connected to MQTT broker.
2026-05-09 11:10:28,392 | INFO | device | Connected to MQTT broker.
2026-05-09 11:10:29,395 | INFO | device | Connected to MQTT broker.
2026-05-09 11:10:30,404 | INFO | device | Connected to MQTT broker.
2026-05-09 11:10:31,409 | INFO | device | Connected to MQTT broker.
2026-05-09 11:10:32,414 | INFO | device | Connected to MQTT broker.
2026-05-09 11:10:33,423 | INFO | device | Connected to MQTT broker.
2026-05-09 11:10:34,428 | INFO | device | Connected to MQTT broker.
2026-05-09 11:10:35,434 | INFO | device | Connected to MQTT broker.
2026-05-09 11:10:35,575 | INFO | device | Device ac state changed: on -> off
2026-05-09 11:10:36,438 | INFO | device | Connected to MQTT broker.
2026-05-09 11:10:37,442 | INFO | device | Connected to MQTT broker.
2026-05-09 11:10:38,451 | INFO | device | Connected to MQTT broker.
2026-05-09 11:10:39,461 | INFO | device | Connected to MQTT broker.
2026-05-09 11:10:40,470 | INFO | device | Connected to MQTT broker.
2026-05-09 11:10:41,476 | INFO | device | Connected to MQTT broker.
2026-05-09 11:10:42,482 | INFO | device | Connected to MQTT broker.
2026-05-09 11:10:43,488 | INFO | device | Connected to MQTT broker.
2026-05-09 11:10:44,497 | INFO | device | Connected to MQTT broker.
2026-05-09 11:10:45,506 | INFO | device | Connected to MQTT broker.
2026-05-09 11:10:46,514 | INFO | device | Connected to MQTT broker.
2026-05-09 11:10:47,521 | INFO | device | Connected to MQTT broker.
2026-05-09 11:10:48,527 | INFO | device | Connected to MQTT broker.
2026-05-09 11:10:49,530 | INFO | device | Connected to MQTT broker.
2026-05-09 11:10:50,539 | INFO | device | Connected to MQTT broker.
2026-05-09 11:10:51,545 | INFO | device | Connected to MQTT broker.
2026-05-09 11:10:52,551 | INFO | device | Connected to MQTT broker.
2026-05-09 11:10:53,535 | INFO | device | Device light state changed: off -> on
2026-05-09 11:10:53,558 | INFO | device | Connected to MQTT broker.
2026-05-09 11:10:54,564 | INFO | device | Connected to MQTT broker.
2026-05-09 11:10:55,570 | INFO | device | Connected to MQTT broker.
2026-05-09 11:10:56,572 | INFO | device | Connected to MQTT broker.
2026-05-09 11:10:57,576 | INFO | device | Connected to MQTT broker.
2026-05-09 11:10:58,582 | INFO | device | Connected to MQTT broker.
2026-05-09 11:10:59,589 | INFO | device | Connected to MQTT broker.
2026-05-09 11:10:59,687 | INFO | device | Device light state changed: off -> on
2026-05-09 11:11:00,593 | INFO | device | Connected to MQTT broker.
2026-05-09 11:11:01,601 | INFO | device | Connected to MQTT broker.
2026-05-09 11:11:02,612 | INFO | device | Connected to MQTT broker.
2026-05-09 11:11:03,621 | INFO | device | Connected to MQTT broker.
2026-05-09 11:11:04,626 | INFO | device | Connected to MQTT broker.
2026-05-09 11:11:05,633 | INFO | device | Connected to MQTT broker.
2026-05-09 11:11:06,639 | INFO | device | Connected to MQTT broker.
2026-05-09 11:11:07,642 | INFO | device | Connected to MQTT broker.
2026-05-09 11:11:08,651 | INFO | device | Connected to MQTT broker.
2026-05-09 11:11:09,662 | INFO | device | Connected to MQTT broker.
2026-05-09 11:11:10,670 | INFO | device | Connected to MQTT broker.
2026-05-09 11:11:11,675 | INFO | device | Connected to MQTT broker.
2026-05-09 11:11:12,679 | INFO | device | Connected to MQTT broker.
2026-05-09 11:11:13,685 | INFO | device | Connected to MQTT broker.
2026-05-09 11:11:14,693 | INFO | device | Connected to MQTT broker.
2026-05-09 11:11:15,702 | INFO | device | Connected to MQTT broker.
2026-05-09 11:11:16,705 | INFO | device | Connected to MQTT broker.
2026-05-09 11:11:17,710 | INFO | device | Connected to MQTT broker.
2026-05-09 11:11:18,717 | INFO | device | Connected to MQTT broker.
2026-05-09 11:11:19,723 | INFO | device | Connected to MQTT broker.
2026-05-09 11:11:20,731 | INFO | device | Connected to MQTT broker.
2026-05-09 11:11:21,741 | INFO | device | Connected to MQTT broker.
2026-05-09 11:11:22,751 | INFO | device | Connected to MQTT broker.
2026-05-09 11:11:23,758 | INFO | device | Connected to MQTT broker.
2026-05-09 11:11:24,763 | INFO | device | Connected to MQTT broker.
2026-05-09 11:11:25,771 | INFO | device | Connected to MQTT broker.
2026-05-09 11:11:26,780 | INFO | device | Connected to MQTT broker.
2026-05-09 11:11:27,790 | INFO | device | Connected to MQTT broker.
2026-05-09 11:11:28,800 | INFO | device | Connected to MQTT broker.
2026-05-09 11:11:29,804 | INFO | device | Connected to MQTT broker.
2026-05-09 11:11:30,813 | INFO | device | Connected to MQTT broker.
2026-05-09 11:11:31,820 | INFO | device | Connected to MQTT broker.
2026-05-09 11:11:32,831 | INFO | device | Connected to MQTT broker.
2026-05-09 11:11:33,837 | INFO | device | Connected to MQTT broker.
2026-05-09 11:11:34,841 | INFO | device | Connected to MQTT broker.
2026-05-09 11:11:35,850 | INFO | device | Connected to MQTT broker.
2026-05-09 11:11:36,854 | INFO | device | Connected to MQTT broker.
2026-05-09 11:11:37,865 | INFO | device | Connected to MQTT broker.
2026-05-09 11:11:38,874 | INFO | device | Connected to MQTT broker.
2026-05-09 11:11:39,883 | INFO | device | Connected to MQTT broker.
2026-05-09 11:11:40,889 | INFO | device | Connected to MQTT broker.
2026-05-09 11:11:41,899 | INFO | device | Connected to MQTT broker.
2026-05-09 11:11:42,902 | INFO | device | Connected to MQTT broker.
2026-05-09 11:11:43,907 | INFO | device | Connected to MQTT broker.
2026-05-09 11:11:44,913 | INFO | device | Connected to MQTT broker.
2026-05-09 11:11:45,918 | INFO | device | Connected to MQTT broker.
2026-05-09 11:11:46,922 | INFO | device | Connected to MQTT broker.
2026-05-09 11:11:47,931 | INFO | device | Connected to MQTT broker.
2026-05-09 11:11:48,938 | INFO | device | Connected to MQTT broker.
2026-05-09 11:11:49,949 | INFO | device | Connected to MQTT broker.
2026-05-09 11:11:50,955 | INFO | device | Connected to MQTT broker.
2026-05-09 11:11:51,960 | INFO | device | Connected to MQTT broker.
2026-05-09 11:11:52,967 | INFO | device | Connected to MQTT broker.
2026-05-09 11:11:53,975 | INFO | device | Connected to MQTT broker.
2026-05-09 11:11:54,984 | INFO | device | Connected to MQTT broker.
2026-05-09 11:11:55,989 | INFO | device | Connected to MQTT broker.
2026-05-09 11:11:56,994 | INFO | device | Connected to MQTT broker.
2026-05-09 11:11:58,003 | INFO | device | Connected to MQTT broker.
2026-05-09 11:11:59,010 | INFO | device | Connected to MQTT broker.
2026-05-09 11:12:00,020 | INFO | device | Connected to MQTT broker.
2026-05-09 11:12:01,025 | INFO | device | Connected to MQTT broker.
2026-05-09 11:12:02,032 | INFO | device | Connected to MQTT broker.
2026-05-09 11:12:03,039 | INFO | device | Connected to MQTT broker.
2026-05-09 11:12:04,046 | INFO | device | Connected to MQTT broker.
2026-05-09 11:12:05,054 | INFO | device | Connected to MQTT broker.
2026-05-09 11:12:05,102 | INFO | device | Device light state changed: on -> off
2026-05-09 11:12:06,063 | INFO | device | Connected to MQTT broker.
2026-05-09 11:12:07,067 | INFO | device | Connected to MQTT broker.
2026-05-09 11:12:08,074 | INFO | device | Connected to MQTT broker.
2026-05-09 11:12:09,079 | INFO | device | Connected to MQTT broker.
2026-05-09 11:12:10,084 | INFO | device | Connected to MQTT broker.
2026-05-09 11:12:11,091 | INFO | device | Connected to MQTT broker.
2026-05-09 11:12:12,100 | INFO | device | Connected to MQTT broker.
2026-05-09 11:12:13,105 | INFO | device | Connected to MQTT broker.
2026-05-09 11:12:14,113 | INFO | device | Connected to MQTT broker.
2026-05-09 11:12:14,454 | INFO | device | Device light state changed: on -> off
2026-05-09 11:12:15,119 | INFO | device | Connected to MQTT broker.
2026-05-09 11:12:16,126 | INFO | device | Connected to MQTT broker.
2026-05-09 11:12:17,135 | INFO | device | Connected to MQTT broker.
2026-05-09 11:12:18,144 | INFO | device | Connected to MQTT broker.
2026-05-09 11:12:19,148 | INFO | device | Connected to MQTT broker.
2026-05-09 11:12:20,151 | INFO | device | Connected to MQTT broker.
2026-05-09 11:12:21,156 | INFO | device | Connected to MQTT broker.
2026-05-09 11:12:22,165 | INFO | device | Connected to MQTT broker.
2026-05-09 11:12:23,174 | INFO | device | Connected to MQTT broker.
2026-05-09 11:12:24,179 | INFO | device | Connected to MQTT broker.
2026-05-09 11:12:25,187 | INFO | device | Connected to MQTT broker.
2026-05-09 11:12:26,195 | INFO | device | Connected to MQTT broker.
2026-05-09 11:12:27,202 | INFO | device | Connected to MQTT broker.
2026-05-09 11:12:28,210 | INFO | device | Connected to MQTT broker.
2026-05-09 11:12:29,221 | INFO | device | Connected to MQTT broker.
2026-05-09 11:12:30,228 | INFO | device | Connected to MQTT broker.
2026-05-09 11:12:31,234 | INFO | device | Connected to MQTT broker.
2026-05-09 11:12:32,243 | INFO | device | Connected to MQTT broker.
2026-05-09 11:12:33,253 | INFO | device | Connected to MQTT broker.
2026-05-09 11:12:34,263 | INFO | device | Connected to MQTT broker.
2026-05-09 11:12:35,272 | INFO | device | Connected to MQTT broker.
2026-05-09 11:12:36,276 | INFO | device | Connected to MQTT broker.
2026-05-09 11:12:37,286 | INFO | device | Connected to MQTT broker.
2026-05-09 11:12:38,296 | INFO | device | Connected to MQTT broker.
2026-05-09 11:12:39,302 | INFO | device | Connected to MQTT broker.
2026-05-09 11:12:40,307 | INFO | device | Connected to MQTT broker.
2026-05-09 11:12:41,314 | INFO | device | Connected to MQTT broker.
2026-05-09 11:12:42,318 | INFO | device | Connected to MQTT broker.
2026-05-09 11:12:43,322 | INFO | device | Connected to MQTT broker.
2026-05-09 11:12:44,328 | INFO | device | Connected to MQTT broker.
2026-05-09 11:12:45,338 | INFO | device | Connected to MQTT broker.
2026-05-09 11:12:46,343 | INFO | device | Connected to MQTT broker.
2026-05-09 11:12:47,351 | INFO | device | Connected to MQTT broker.
2026-05-09 11:12:48,362 | INFO | device | Connected to MQTT broker.
2026-05-09 11:12:49,366 | INFO | device | Connected to MQTT broker.
2026-05-09 11:12:50,377 | INFO | device | Connected to MQTT broker.
2026-05-09 11:12:51,384 | INFO | device | Connected to MQTT broker.
2026-05-09 11:12:52,386 | INFO | device | Connected to MQTT broker.
2026-05-09 11:12:53,395 | INFO | device | Connected to MQTT broker.
2026-05-09 11:12:54,404 | INFO | device | Connected to MQTT broker.
2026-05-09 11:12:55,413 | INFO | device | Connected to MQTT broker.
2026-05-09 11:12:56,422 | INFO | device | Connected to MQTT broker.
2026-05-09 11:12:57,431 | INFO | device | Connected to MQTT broker.
2026-05-09 11:12:58,436 | INFO | device | Connected to MQTT broker.
2026-05-09 11:12:59,445 | INFO | device | Connected to MQTT broker.
2026-05-09 11:13:00,453 | INFO | device | Connected to MQTT broker.
2026-05-09 11:13:01,460 | INFO | device | Connected to MQTT broker.
2026-05-09 11:13:02,467 | INFO | device | Connected to MQTT broker.
2026-05-09 11:13:03,476 | INFO | device | Connected to MQTT broker.
2026-05-09 11:13:04,479 | INFO | device | Connected to MQTT broker.
2026-05-09 11:13:05,482 | INFO | device | Connected to MQTT broker.
2026-05-09 11:13:06,498 | INFO | device | Connected to MQTT broker.
2026-05-09 11:13:07,504 | INFO | device | Connected to MQTT broker.
2026-05-09 11:13:08,508 | INFO | device | Connected to MQTT broker.
2026-05-09 11:13:09,517 | INFO | device | Connected to MQTT broker.
2026-05-09 11:13:10,522 | INFO | device | Connected to MQTT broker.
2026-05-09 11:13:11,528 | INFO | device | Connected to MQTT broker.
2026-05-09 11:13:12,531 | INFO | device | Connected to MQTT broker.
2026-05-09 11:13:13,538 | INFO | device | Connected to MQTT broker.
2026-05-09 11:13:14,544 | INFO | device | Connected to MQTT broker.
2026-05-09 11:13:15,552 | INFO | device | Connected to MQTT broker.
2026-05-09 11:13:16,560 | INFO | device | Connected to MQTT broker.
2026-05-09 11:13:17,565 | INFO | device | Connected to MQTT broker.
2026-05-09 11:13:18,573 | INFO | device | Connected to MQTT broker.
2026-05-09 11:13:19,582 | INFO | device | Connected to MQTT broker.
2026-05-09 11:13:20,587 | INFO | device | Connected to MQTT broker.
2026-05-09 11:13:21,591 | INFO | device | Connected to MQTT broker.
2026-05-09 11:13:22,601 | INFO | device | Connected to MQTT broker.
2026-05-09 11:13:23,608 | INFO | device | Connected to MQTT broker.
2026-05-09 11:13:24,610 | INFO | device | Connected to MQTT broker.
2026-05-09 11:13:25,617 | INFO | device | Connected to MQTT broker.
2026-05-09 11:13:26,634 | INFO | device | Connected to MQTT broker.
2026-05-09 11:13:27,641 | INFO | device | Connected to MQTT broker.
2026-05-09 11:13:28,648 | INFO | device | Connected to MQTT broker.
2026-05-09 11:13:29,655 | INFO | device | Connected to MQTT broker.
2026-05-09 11:13:30,662 | INFO | device | Connected to MQTT broker.
2026-05-09 11:13:31,669 | INFO | device | Connected to MQTT broker.
2026-05-09 11:13:32,673 | INFO | device | Connected to MQTT broker.
2026-05-09 11:13:33,679 | INFO | device | Connected to MQTT broker.
2026-05-09 11:13:34,683 | INFO | device | Connected to MQTT broker.
2026-05-09 11:13:35,690 | INFO | device | Connected to MQTT broker.
2026-05-09 11:13:36,696 | INFO | device | Connected to MQTT broker.
2026-05-09 11:13:37,702 | INFO | device | Connected to MQTT broker.
2026-05-09 11:13:38,709 | INFO | device | Connected to MQTT broker.
2026-05-09 11:13:39,716 | INFO | device | Connected to MQTT broker.
2026-05-09 11:13:40,724 | INFO | device | Connected to MQTT broker.
2026-05-09 11:13:41,731 | INFO | device | Connected to MQTT broker.
2026-05-09 11:13:42,738 | INFO | device | Connected to MQTT broker.
2026-05-09 11:13:43,748 | INFO | device | Connected to MQTT broker.
2026-05-09 11:13:44,749 | INFO | device | Connected to MQTT broker.
2026-05-09 11:13:45,756 | INFO | device | Connected to MQTT broker.
2026-05-09 11:13:46,763 | INFO | device | Connected to MQTT broker.
2026-05-09 11:13:47,771 | INFO | device | Connected to MQTT broker.
2026-05-09 11:13:48,782 | INFO | device | Connected to MQTT broker.
2026-05-09 11:13:49,788 | INFO | device | Connected to MQTT broker.
2026-05-09 11:13:50,795 | INFO | device | Connected to MQTT broker.
2026-05-09 11:13:51,802 | INFO | device | Connected to MQTT broker.
2026-05-09 11:13:52,809 | INFO | device | Connected to MQTT broker.
2026-05-09 11:13:53,813 | INFO | device | Connected to MQTT broker.
2026-05-09 11:13:54,818 | INFO | device | Connected to MQTT broker.
2026-05-09 11:13:55,826 | INFO | device | Connected to MQTT broker.
2026-05-09 11:13:56,831 | INFO | device | Connected to MQTT broker.
2026-05-09 11:13:57,835 | INFO | device | Connected to MQTT broker.
2026-05-09 11:13:57,880 | INFO | device | Device light state changed: off -> on
2026-05-09 11:13:58,842 | INFO | device | Connected to MQTT broker.
2026-05-09 11:13:59,847 | INFO | device | Connected to MQTT broker.
2026-05-09 11:14:00,854 | INFO | device | Connected to MQTT broker.
2026-05-09 11:14:01,863 | INFO | device | Connected to MQTT broker.
2026-05-09 11:14:02,869 | INFO | device | Connected to MQTT broker.
2026-05-09 11:14:03,876 | INFO | device | Connected to MQTT broker.
2026-05-09 11:14:04,886 | INFO | device | Connected to MQTT broker.
2026-05-09 11:14:05,894 | INFO | device | Connected to MQTT broker.
2026-05-09 11:14:06,899 | INFO | device | Connected to MQTT broker.
2026-05-09 11:14:07,904 | INFO | device | Connected to MQTT broker.
2026-05-09 11:14:08,908 | INFO | device | Connected to MQTT broker.
2026-05-09 11:14:09,918 | INFO | device | Connected to MQTT broker.
2026-05-09 11:14:10,927 | INFO | device | Connected to MQTT broker.
2026-05-09 11:14:11,934 | INFO | device | Connected to MQTT broker.
2026-05-09 11:14:12,943 | INFO | device | Connected to MQTT broker.
2026-05-09 11:14:13,426 | INFO | device | Device alarm state changed: off -> on
2026-05-09 11:14:13,953 | INFO | device | Connected to MQTT broker.
2026-05-09 11:14:14,960 | INFO | device | Connected to MQTT broker.
2026-05-09 11:14:15,008 | INFO | device | Device light state changed: off -> on
2026-05-09 11:14:15,969 | INFO | device | Connected to MQTT broker.
2026-05-09 11:14:16,973 | INFO | device | Connected to MQTT broker.
2026-05-09 11:14:17,452 | INFO | device | Device alarm state changed: on -> off
2026-05-09 11:14:17,982 | INFO | device | Connected to MQTT broker.
2026-05-09 11:14:18,570 | INFO | device | Device alarm unchanged (off)
2026-05-09 11:14:18,987 | INFO | device | Connected to MQTT broker.
2026-05-09 11:14:19,994 | INFO | device | Connected to MQTT broker.
2026-05-09 11:14:20,999 | INFO | device | Connected to MQTT broker.
2026-05-09 11:14:22,005 | INFO | device | Connected to MQTT broker.
2026-05-09 11:14:23,014 | INFO | device | Connected to MQTT broker.
2026-05-09 11:14:24,022 | INFO | device | Connected to MQTT broker.
2026-05-09 11:14:25,031 | INFO | device | Connected to MQTT broker.
2026-05-09 11:14:26,038 | INFO | device | Connected to MQTT broker.
2026-05-09 11:14:27,046 | INFO | device | Connected to MQTT broker.
2026-05-09 11:14:28,056 | INFO | device | Connected to MQTT broker.
2026-05-09 11:14:29,065 | INFO | device | Connected to MQTT broker.
2026-05-09 11:14:30,072 | INFO | device | Connected to MQTT broker.
2026-05-09 11:14:31,081 | INFO | device | Connected to MQTT broker.
2026-05-09 11:14:32,090 | INFO | device | Connected to MQTT broker.
2026-05-09 11:14:33,096 | INFO | device | Connected to MQTT broker.
2026-05-09 11:14:34,102 | INFO | device | Connected to MQTT broker.
2026-05-09 11:14:35,111 | INFO | device | Connected to MQTT broker.
2026-05-09 11:14:36,115 | INFO | device | Connected to MQTT broker.
2026-05-09 11:14:37,123 | INFO | device | Connected to MQTT broker.
2026-05-09 11:14:38,130 | INFO | device | Connected to MQTT broker.
2026-05-09 11:14:39,136 | INFO | device | Connected to MQTT broker.
2026-05-09 11:14:40,145 | INFO | device | Connected to MQTT broker.
2026-05-09 11:14:41,154 | INFO | device | Connected to MQTT broker.
2026-05-09 11:14:42,162 | INFO | device | Connected to MQTT broker.
2026-05-09 11:14:43,172 | INFO | device | Connected to MQTT broker.
2026-05-09 11:14:44,180 | INFO | device | Connected to MQTT broker.
2026-05-09 11:14:45,189 | INFO | device | Connected to MQTT broker.
2026-05-09 11:14:46,193 | INFO | device | Connected to MQTT broker.
2026-05-09 11:14:47,202 | INFO | device | Connected to MQTT broker.
2026-05-09 11:14:48,205 | INFO | device | Connected to MQTT broker.
2026-05-09 11:14:49,214 | INFO | device | Connected to MQTT broker.
2026-05-09 11:14:50,225 | INFO | device | Connected to MQTT broker.
2026-05-09 11:14:51,231 | INFO | device | Connected to MQTT broker.
2026-05-09 11:14:52,238 | INFO | device | Connected to MQTT broker.
2026-05-09 11:14:53,242 | INFO | device | Connected to MQTT broker.
2026-05-09 11:14:54,251 | INFO | device | Connected to MQTT broker.
2026-05-09 11:14:55,256 | INFO | device | Connected to MQTT broker.
2026-05-09 11:14:56,262 | INFO | device | Connected to MQTT broker.
2026-05-09 11:14:57,267 | INFO | device | Connected to MQTT broker.
2026-05-09 11:14:58,271 | INFO | device | Connected to MQTT broker.
2026-05-09 11:14:59,274 | INFO | device | Connected to MQTT broker.
2026-05-09 11:15:00,283 | INFO | device | Connected to MQTT broker.
2026-05-09 11:15:01,288 | INFO | device | Connected to MQTT broker.
2026-05-09 11:15:02,296 | INFO | device | Connected to MQTT broker.
2026-05-09 11:15:03,304 | INFO | device | Connected to MQTT broker.
2026-05-09 11:15:04,313 | INFO | device | Connected to MQTT broker.
2026-05-09 11:15:05,317 | INFO | device | Connected to MQTT broker.
2026-05-09 11:15:06,325 | INFO | device | Connected to MQTT broker.
2026-05-09 11:15:07,335 | INFO | device | Connected to MQTT broker.
2026-05-09 11:15:08,339 | INFO | device | Connected to MQTT broker.
2026-05-09 11:15:09,347 | INFO | device | Connected to MQTT broker.
2026-05-09 11:15:10,355 | INFO | device | Connected to MQTT broker.
2026-05-09 11:15:11,363 | INFO | device | Connected to MQTT broker.
2026-05-09 11:15:12,372 | INFO | device | Connected to MQTT broker.
2026-05-09 11:15:13,380 | INFO | device | Connected to MQTT broker.
2026-05-09 11:15:14,383 | INFO | device | Connected to MQTT broker.
2026-05-09 11:15:15,392 | INFO | device | Connected to MQTT broker.
2026-05-09 11:15:16,152 | INFO | device | Device light state changed: on -> off
2026-05-09 11:15:16,399 | INFO | device | Connected to MQTT broker.
2026-05-09 11:15:16,443 | INFO | device | Device light state changed: on -> off
2026-05-09 11:15:17,404 | INFO | device | Connected to MQTT broker.
2026-05-09 11:15:18,412 | INFO | device | Connected to MQTT broker.
2026-05-09 11:15:19,421 | INFO | device | Connected to MQTT broker.
2026-05-09 11:15:20,431 | INFO | device | Connected to MQTT broker.
2026-05-09 11:15:21,437 | INFO | device | Connected to MQTT broker.
2026-05-09 11:15:22,442 | INFO | device | Connected to MQTT broker.
2026-05-09 11:15:23,450 | INFO | device | Connected to MQTT broker.
2026-05-09 11:15:24,457 | INFO | device | Connected to MQTT broker.
2026-05-09 11:15:25,466 | INFO | device | Connected to MQTT broker.
2026-05-09 11:15:26,475 | INFO | device | Connected to MQTT broker.
2026-05-09 11:15:27,479 | INFO | device | Connected to MQTT broker.
2026-05-09 11:15:28,486 | INFO | device | Connected to MQTT broker.
2026-05-09 11:15:29,495 | INFO | device | Connected to MQTT broker.
2026-05-09 11:15:30,503 | INFO | device | Connected to MQTT broker.
2026-05-09 11:15:31,512 | INFO | device | Connected to MQTT broker.
2026-05-09 11:15:32,520 | INFO | device | Connected to MQTT broker.
2026-05-09 11:15:33,529 | INFO | device | Connected to MQTT broker.
2026-05-09 11:15:34,536 | INFO | device | Connected to MQTT broker.
2026-05-09 11:15:35,539 | INFO | device | Connected to MQTT broker.
2026-05-09 11:15:36,543 | INFO | device | Connected to MQTT broker.
2026-05-09 11:15:37,546 | INFO | device | Connected to MQTT broker.
2026-05-09 11:15:38,552 | INFO | device | Connected to MQTT broker.
2026-05-09 11:15:39,559 | INFO | device | Connected to MQTT broker.
2026-05-09 11:15:40,561 | INFO | device | Connected to MQTT broker.
2026-05-09 11:15:41,569 | INFO | device | Connected to MQTT broker.
2026-05-09 11:15:42,580 | INFO | device | Connected to MQTT broker.
2026-05-09 11:15:43,586 | INFO | device | Connected to MQTT broker.
2026-05-09 11:15:44,593 | INFO | device | Connected to MQTT broker.
2026-05-09 11:15:45,602 | INFO | device | Connected to MQTT broker.
2026-05-09 11:15:46,611 | INFO | device | Connected to MQTT broker.
2026-05-09 11:15:47,617 | INFO | device | Connected to MQTT broker.
2026-05-09 11:15:48,625 | INFO | device | Connected to MQTT broker.
2026-05-09 11:15:49,634 | INFO | device | Connected to MQTT broker.
2026-05-09 11:15:50,645 | INFO | device | Connected to MQTT broker.
2026-05-09 11:15:51,652 | INFO | device | Connected to MQTT broker.
2026-05-09 11:15:52,659 | INFO | device | Connected to MQTT broker.
2026-05-09 11:15:53,662 | INFO | device | Connected to MQTT broker.
2026-05-09 11:15:54,666 | INFO | device | Connected to MQTT broker.
2026-05-09 11:15:55,671 | INFO | device | Connected to MQTT broker.
2026-05-09 11:15:56,678 | INFO | device | Connected to MQTT broker.
2026-05-09 11:15:57,688 | INFO | device | Connected to MQTT broker.
2026-05-09 11:15:58,693 | INFO | device | Connected to MQTT broker.
2026-05-09 11:15:59,700 | INFO | device | Connected to MQTT broker.
2026-05-09 11:16:00,705 | INFO | device | Connected to MQTT broker.
2026-05-09 11:16:01,712 | INFO | device | Connected to MQTT broker.
2026-05-09 11:16:02,718 | INFO | device | Connected to MQTT broker.
2026-05-09 11:16:03,726 | INFO | device | Connected to MQTT broker.
2026-05-09 11:16:04,731 | INFO | device | Connected to MQTT broker.
2026-05-09 11:16:05,740 | INFO | device | Connected to MQTT broker.
2026-05-09 11:16:06,744 | INFO | device | Connected to MQTT broker.
2026-05-09 11:16:07,753 | INFO | device | Connected to MQTT broker.
2026-05-09 11:16:08,761 | INFO | device | Connected to MQTT broker.
2026-05-09 11:16:09,770 | INFO | device | Connected to MQTT broker.
2026-05-09 11:16:10,774 | INFO | device | Connected to MQTT broker.
2026-05-09 11:16:11,784 | INFO | device | Connected to MQTT broker.
2026-05-09 11:16:12,789 | INFO | device | Connected to MQTT broker.
2026-05-09 11:16:13,796 | INFO | device | Connected to MQTT broker.
2026-05-09 11:16:14,802 | INFO | device | Connected to MQTT broker.
2026-05-09 11:16:15,808 | INFO | device | Connected to MQTT broker.
2026-05-09 11:16:16,813 | INFO | device | Connected to MQTT broker.
2026-05-09 11:16:17,820 | INFO | device | Connected to MQTT broker.
2026-05-09 11:16:18,830 | INFO | device | Connected to MQTT broker.
2026-05-09 11:16:19,840 | INFO | device | Connected to MQTT broker.
2026-05-09 11:16:20,848 | INFO | device | Connected to MQTT broker.
2026-05-09 11:16:21,852 | INFO | device | Connected to MQTT broker.
2026-05-09 11:16:22,859 | INFO | device | Connected to MQTT broker.
2026-05-09 11:16:23,862 | INFO | device | Connected to MQTT broker.
2026-05-09 11:16:24,869 | INFO | device | Connected to MQTT broker.
2026-05-09 11:16:25,876 | INFO | device | Connected to MQTT broker.
2026-05-09 11:16:26,885 | INFO | device | Connected to MQTT broker.
2026-05-09 11:16:27,893 | INFO | device | Connected to MQTT broker.
2026-05-09 11:16:28,901 | INFO | device | Connected to MQTT broker.
2026-05-09 11:16:29,907 | INFO | device | Connected to MQTT broker.
2026-05-09 11:16:30,913 | INFO | device | Connected to MQTT broker.
2026-05-09 11:16:31,196 | INFO | device | Device alarm state changed: off -> on
2026-05-09 11:16:31,920 | INFO | device | Connected to MQTT broker.
2026-05-09 11:16:32,927 | INFO | device | Connected to MQTT broker.
2026-05-09 11:16:32,970 | INFO | device | Device light state changed: off -> on
2026-05-09 11:16:33,935 | INFO | device | Connected to MQTT broker.
2026-05-09 11:16:34,942 | INFO | device | Connected to MQTT broker.
2026-05-09 11:16:35,220 | INFO | device | Device alarm state changed: on -> off
2026-05-09 11:16:35,946 | INFO | device | Connected to MQTT broker.
2026-05-09 11:16:36,953 | INFO | device | Connected to MQTT broker.
2026-05-09 11:16:37,956 | INFO | device | Connected to MQTT broker.
2026-05-09 11:16:38,966 | INFO | device | Connected to MQTT broker.
2026-05-09 11:16:39,974 | INFO | device | Connected to MQTT broker.
2026-05-09 11:16:40,977 | INFO | device | Connected to MQTT broker.
2026-05-09 11:16:41,984 | INFO | device | Connected to MQTT broker.
2026-05-09 11:16:42,986 | INFO | device | Connected to MQTT broker.
2026-05-09 11:16:43,994 | INFO | device | Connected to MQTT broker.
2026-05-09 11:16:45,002 | INFO | device | Connected to MQTT broker.
2026-05-09 11:16:46,013 | INFO | device | Connected to MQTT broker.
2026-05-09 11:16:47,021 | INFO | device | Connected to MQTT broker.
2026-05-09 11:16:48,025 | INFO | device | Connected to MQTT broker.
2026-05-09 11:16:49,034 | INFO | device | Connected to MQTT broker.
2026-05-09 11:16:50,037 | INFO | device | Connected to MQTT broker.
2026-05-09 11:16:51,046 | INFO | device | Connected to MQTT broker.
2026-05-09 11:16:52,056 | INFO | device | Connected to MQTT broker.
2026-05-09 11:16:53,064 | INFO | device | Connected to MQTT broker.
2026-05-09 11:16:54,073 | INFO | device | Connected to MQTT broker.
2026-05-09 11:16:55,078 | INFO | device | Connected to MQTT broker.
2026-05-09 11:16:56,087 | INFO | device | Connected to MQTT broker.
2026-05-09 11:16:57,094 | INFO | device | Connected to MQTT broker.
2026-05-09 11:16:58,101 | INFO | device | Connected to MQTT broker.
2026-05-09 11:16:58,227 | INFO | device | Device light state changed: off -> on
2026-05-09 11:16:59,105 | INFO | device | Connected to MQTT broker.
2026-05-09 11:17:00,112 | INFO | device | Connected to MQTT broker.
2026-05-09 11:17:01,117 | INFO | device | Connected to MQTT broker.
2026-05-09 11:17:02,121 | INFO | device | Connected to MQTT broker.
2026-05-09 11:17:03,130 | INFO | device | Connected to MQTT broker.
2026-05-09 11:17:04,136 | INFO | device | Connected to MQTT broker.
2026-05-09 11:17:05,146 | INFO | device | Connected to MQTT broker.
2026-05-09 11:17:06,159 | INFO | device | Connected to MQTT broker.
2026-05-09 11:17:07,167 | INFO | device | Connected to MQTT broker.
2026-05-09 11:17:08,174 | INFO | device | Connected to MQTT broker.
2026-05-09 11:17:09,178 | INFO | device | Connected to MQTT broker.
2026-05-09 11:17:10,185 | INFO | device | Connected to MQTT broker.
2026-05-09 11:17:11,192 | INFO | device | Connected to MQTT broker.
2026-05-09 11:17:12,201 | INFO | device | Connected to MQTT broker.
2026-05-09 11:17:13,206 | INFO | device | Connected to MQTT broker.
2026-05-09 11:17:14,214 | INFO | device | Connected to MQTT broker.
2026-05-09 11:17:15,218 | INFO | device | Connected to MQTT broker.
2026-05-09 11:17:16,221 | INFO | device | Connected to MQTT broker.
2026-05-09 11:17:17,228 | INFO | device | Connected to MQTT broker.
2026-05-09 11:17:18,233 | INFO | device | Connected to MQTT broker.
2026-05-09 11:17:19,239 | INFO | device | Connected to MQTT broker.
2026-05-09 11:17:20,247 | INFO | device | Connected to MQTT broker.
2026-05-09 11:17:21,254 | INFO | device | Connected to MQTT broker.
2026-05-09 11:17:22,262 | INFO | device | Connected to MQTT broker.
2026-05-09 11:17:23,269 | INFO | device | Connected to MQTT broker.
2026-05-09 11:17:24,278 | INFO | device | Connected to MQTT broker.
2026-05-09 11:17:25,286 | INFO | device | Connected to MQTT broker.
2026-05-09 11:17:26,294 | INFO | device | Connected to MQTT broker.
2026-05-09 11:17:27,301 | INFO | device | Connected to MQTT broker.
2026-05-09 11:17:28,305 | INFO | device | Connected to MQTT broker.
2026-05-09 11:17:29,308 | INFO | device | Connected to MQTT broker.
2026-05-09 11:17:30,316 | INFO | device | Connected to MQTT broker.
2026-05-09 11:17:31,325 | INFO | device | Connected to MQTT broker.
2026-05-09 11:17:32,333 | INFO | device | Connected to MQTT broker.
2026-05-09 11:17:33,339 | INFO | device | Connected to MQTT broker.
2026-05-09 11:17:34,343 | INFO | device | Connected to MQTT broker.
2026-05-09 11:17:35,353 | INFO | device | Connected to MQTT broker.
2026-05-09 11:17:36,356 | INFO | device | Connected to MQTT broker.
2026-05-09 11:17:37,362 | INFO | device | Connected to MQTT broker.
2026-05-09 11:17:38,370 | INFO | device | Connected to MQTT broker.
2026-05-09 11:17:39,376 | INFO | device | Connected to MQTT broker.
2026-05-09 11:17:40,378 | INFO | device | Connected to MQTT broker.
2026-05-09 11:17:41,386 | INFO | device | Connected to MQTT broker.
2026-05-09 11:17:42,395 | INFO | device | Connected to MQTT broker.
2026-05-09 11:17:43,403 | INFO | device | Connected to MQTT broker.
2026-05-09 11:17:44,410 | INFO | device | Connected to MQTT broker.
2026-05-09 11:17:45,416 | INFO | device | Connected to MQTT broker.
2026-05-09 11:17:46,421 | INFO | device | Connected to MQTT broker.
2026-05-09 11:17:47,427 | INFO | device | Connected to MQTT broker.
2026-05-09 11:17:48,435 | INFO | device | Connected to MQTT broker.
2026-05-09 11:17:49,443 | INFO | device | Connected to MQTT broker.
2026-05-09 11:17:50,451 | INFO | device | Connected to MQTT broker.
2026-05-09 11:17:51,457 | INFO | device | Connected to MQTT broker.
2026-05-09 11:17:52,464 | INFO | device | Connected to MQTT broker.
2026-05-09 11:17:53,471 | INFO | device | Connected to MQTT broker.
2026-05-09 11:17:54,480 | INFO | device | Connected to MQTT broker.
2026-05-09 11:17:55,485 | INFO | device | Connected to MQTT broker.
2026-05-09 11:17:56,492 | INFO | device | Connected to MQTT broker.
2026-05-09 11:17:57,499 | INFO | device | Connected to MQTT broker.
2026-05-09 11:17:58,504 | INFO | device | Connected to MQTT broker.
2026-05-09 11:17:59,510 | INFO | device | Connected to MQTT broker.
2026-05-09 11:18:00,516 | INFO | device | Connected to MQTT broker.
2026-05-09 11:18:01,520 | INFO | device | Connected to MQTT broker.
2026-05-09 11:18:02,534 | INFO | device | Connected to MQTT broker.
2026-05-09 11:18:03,537 | INFO | device | Connected to MQTT broker.
2026-05-09 11:18:04,541 | INFO | device | Connected to MQTT broker.
2026-05-09 11:18:05,543 | INFO | device | Connected to MQTT broker.
2026-05-09 11:18:06,554 | INFO | device | Connected to MQTT broker.
2026-05-09 11:18:07,564 | INFO | device | Connected to MQTT broker.
2026-05-09 11:18:08,569 | INFO | device | Connected to MQTT broker.
2026-05-09 11:18:09,576 | INFO | device | Connected to MQTT broker.
2026-05-09 11:18:10,581 | INFO | device | Connected to MQTT broker.
2026-05-09 11:18:11,586 | INFO | device | Connected to MQTT broker.
2026-05-09 11:18:12,592 | INFO | device | Connected to MQTT broker.
2026-05-09 11:18:13,599 | INFO | device | Connected to MQTT broker.
2026-05-09 11:18:14,604 | INFO | device | Connected to MQTT broker.
2026-05-09 11:18:15,610 | INFO | device | Connected to MQTT broker.
2026-05-09 11:18:15,711 | INFO | device | Device light state changed: on -> off
2026-05-09 11:18:16,615 | INFO | device | Device light unchanged (off)
2026-05-09 11:18:16,615 | INFO | device | Connected to MQTT broker.
2026-05-09 11:18:17,621 | INFO | device | Connected to MQTT broker.
2026-05-09 11:18:18,627 | INFO | device | Connected to MQTT broker.
2026-05-09 11:18:19,631 | INFO | device | Connected to MQTT broker.
2026-05-09 11:18:20,638 | INFO | device | Connected to MQTT broker.
2026-05-09 11:18:21,641 | INFO | device | Connected to MQTT broker.
2026-05-09 11:18:22,649 | INFO | device | Connected to MQTT broker.
2026-05-09 11:18:23,656 | INFO | device | Connected to MQTT broker.
2026-05-09 11:18:24,660 | INFO | device | Connected to MQTT broker.
2026-05-09 11:18:25,666 | INFO | device | Connected to MQTT broker.
2026-05-09 11:18:25,712 | INFO | device | Device light unchanged (off)
2026-05-09 11:18:26,669 | INFO | device | Connected to MQTT broker.
2026-05-09 11:18:27,676 | INFO | device | Connected to MQTT broker.
2026-05-09 11:18:28,683 | INFO | device | Connected to MQTT broker.
2026-05-09 11:18:29,690 | INFO | device | Connected to MQTT broker.
2026-05-09 11:18:30,693 | INFO | device | Connected to MQTT broker.
2026-05-09 11:18:31,698 | INFO | device | Connected to MQTT broker.
2026-05-09 11:18:31,787 | INFO | device | Device light unchanged (off)
2026-05-09 11:18:32,707 | INFO | device | Connected to MQTT broker.
2026-05-09 11:18:33,715 | INFO | device | Connected to MQTT broker.
2026-05-09 11:18:34,721 | INFO | device | Connected to MQTT broker.
2026-05-09 11:18:35,728 | INFO | device | Connected to MQTT broker.
2026-05-09 11:18:36,739 | INFO | device | Connected to MQTT broker.
2026-05-09 11:18:37,746 | INFO | device | Connected to MQTT broker.
2026-05-09 11:18:38,227 | INFO | device | Device light unchanged (off)
2026-05-09 11:18:38,754 | INFO | device | Connected to MQTT broker.
2026-05-09 11:18:39,762 | INFO | device | Connected to MQTT broker.
2026-05-09 11:18:40,771 | INFO | device | Connected to MQTT broker.
2026-05-09 11:18:41,140 | INFO | device | Device light state changed: on -> off
2026-05-09 11:18:41,779 | INFO | device | Connected to MQTT broker.
2026-05-09 11:18:42,787 | INFO | device | Connected to MQTT broker.
2026-05-09 11:18:43,795 | INFO | device | Connected to MQTT broker.
2026-05-09 11:18:44,799 | INFO | device | Connected to MQTT broker.
2026-05-09 11:18:45,807 | INFO | device | Connected to MQTT broker.
2026-05-09 11:18:46,812 | INFO | device | Connected to MQTT broker.
2026-05-09 11:18:47,817 | INFO | device | Connected to MQTT broker.
2026-05-09 11:18:48,821 | INFO | device | Connected to MQTT broker.
2026-05-09 11:18:49,830 | INFO | device | Connected to MQTT broker.
2026-05-09 11:18:50,833 | INFO | device | Connected to MQTT broker.
2026-05-09 11:18:51,840 | INFO | device | Connected to MQTT broker.
2026-05-09 11:18:52,847 | INFO | device | Connected to MQTT broker.
2026-05-09 11:18:53,854 | INFO | device | Connected to MQTT broker.
2026-05-09 11:18:54,857 | INFO | device | Connected to MQTT broker.
2026-05-09 11:18:55,860 | INFO | device | Connected to MQTT broker.
2026-05-09 11:18:56,866 | INFO | device | Connected to MQTT broker.
2026-05-09 11:18:57,869 | INFO | device | Connected to MQTT broker.
2026-05-09 11:18:58,879 | INFO | device | Connected to MQTT broker.
2026-05-09 11:18:59,888 | INFO | device | Connected to MQTT broker.
2026-05-09 11:19:00,890 | INFO | device | Connected to MQTT broker.
2026-05-09 11:19:01,895 | INFO | device | Connected to MQTT broker.
2026-05-09 11:19:02,901 | INFO | device | Connected to MQTT broker.
2026-05-09 11:19:03,908 | INFO | device | Connected to MQTT broker.
2026-05-09 11:19:04,913 | INFO | device | Connected to MQTT broker.
2026-05-09 11:19:05,921 | INFO | device | Connected to MQTT broker.
2026-05-09 11:19:06,929 | INFO | device | Connected to MQTT broker.
2026-05-09 11:19:07,935 | INFO | device | Connected to MQTT broker.
2026-05-09 11:19:08,942 | INFO | device | Connected to MQTT broker.
2026-05-09 11:19:09,950 | INFO | device | Connected to MQTT broker.
2026-05-09 11:19:10,956 | INFO | device | Connected to MQTT broker.
2026-05-09 11:19:11,964 | INFO | device | Connected to MQTT broker.
2026-05-09 11:19:12,970 | INFO | device | Connected to MQTT broker.
2026-05-09 11:19:13,978 | INFO | device | Connected to MQTT broker.
2026-05-09 11:19:14,983 | INFO | device | Connected to MQTT broker.
2026-05-09 11:19:15,990 | INFO | device | Connected to MQTT broker.
2026-05-09 11:19:16,998 | INFO | device | Connected to MQTT broker.
2026-05-09 11:19:18,007 | INFO | device | Connected to MQTT broker.
2026-05-09 11:19:19,017 | INFO | device | Connected to MQTT broker.
2026-05-09 11:19:20,020 | INFO | device | Connected to MQTT broker.
2026-05-09 11:19:21,026 | INFO | device | Connected to MQTT broker.
2026-05-09 11:19:22,036 | INFO | device | Connected to MQTT broker.
2026-05-09 11:19:23,045 | INFO | device | Connected to MQTT broker.
2026-05-09 11:19:24,054 | INFO | device | Connected to MQTT broker.
2026-05-09 11:19:25,062 | INFO | device | Connected to MQTT broker.
2026-05-09 11:19:26,071 | INFO | device | Connected to MQTT broker.
2026-05-09 11:19:27,079 | INFO | device | Connected to MQTT broker.
2026-05-09 11:19:28,085 | INFO | device | Connected to MQTT broker.
2026-05-09 11:19:29,093 | INFO | device | Connected to MQTT broker.
2026-05-09 11:19:30,098 | INFO | device | Connected to MQTT broker.
2026-05-09 11:19:31,106 | INFO | device | Connected to MQTT broker.
2026-05-09 11:19:32,111 | INFO | device | Connected to MQTT broker.
2026-05-09 11:19:32,916 | INFO | device | Device light state changed: off -> on
2026-05-09 11:19:33,114 | INFO | device | Connected to MQTT broker.
2026-05-09 11:19:34,120 | INFO | device | Connected to MQTT broker.
2026-05-09 11:19:35,127 | INFO | device | Connected to MQTT broker.
2026-05-09 11:19:36,137 | INFO | device | Connected to MQTT broker.
2026-05-09 11:19:37,142 | INFO | device | Connected to MQTT broker.
2026-05-09 11:19:38,145 | INFO | device | Connected to MQTT broker.
2026-05-09 11:19:39,152 | INFO | device | Connected to MQTT broker.
2026-05-09 11:19:40,157 | INFO | device | Connected to MQTT broker.
2026-05-09 11:19:41,164 | INFO | device | Connected to MQTT broker.
2026-05-09 11:19:42,170 | INFO | device | Connected to MQTT broker.
2026-05-09 11:19:43,177 | INFO | device | Connected to MQTT broker.
2026-05-09 11:19:44,183 | INFO | device | Connected to MQTT broker.
2026-05-09 11:19:45,187 | INFO | device | Connected to MQTT broker.
2026-05-09 11:19:46,192 | INFO | device | Connected to MQTT broker.
2026-05-09 11:19:47,198 | INFO | device | Connected to MQTT broker.
2026-05-09 11:19:48,204 | INFO | device | Connected to MQTT broker.
2026-05-09 11:19:49,210 | INFO | device | Connected to MQTT broker.
2026-05-09 11:19:50,218 | INFO | device | Connected to MQTT broker.
2026-05-09 11:19:51,224 | INFO | device | Connected to MQTT broker.
2026-05-09 11:19:52,231 | INFO | device | Connected to MQTT broker.
2026-05-09 11:19:53,237 | INFO | device | Connected to MQTT broker.
2026-05-09 11:19:54,247 | INFO | device | Connected to MQTT broker.
2026-05-09 11:19:55,253 | INFO | device | Connected to MQTT broker.
2026-05-09 11:19:56,261 | INFO | device | Connected to MQTT broker.
2026-05-09 11:19:57,265 | INFO | device | Connected to MQTT broker.
2026-05-09 11:19:58,271 | INFO | device | Connected to MQTT broker.
2026-05-09 11:19:59,276 | INFO | device | Connected to MQTT broker.
2026-05-09 11:20:00,283 | INFO | device | Connected to MQTT broker.
2026-05-09 11:20:01,286 | INFO | device | Connected to MQTT broker.
2026-05-09 11:20:02,294 | INFO | device | Connected to MQTT broker.
2026-05-09 11:20:03,303 | INFO | device | Connected to MQTT broker.
2026-05-09 11:20:04,312 | INFO | device | Connected to MQTT broker.
2026-05-09 11:20:05,317 | INFO | device | Connected to MQTT broker.
2026-05-09 11:20:06,325 | INFO | device | Connected to MQTT broker.
2026-05-09 11:20:07,333 | INFO | device | Connected to MQTT broker.
2026-05-09 11:20:08,335 | INFO | device | Connected to MQTT broker.
2026-05-09 11:20:09,342 | INFO | device | Connected to MQTT broker.
2026-05-09 11:20:10,352 | INFO | device | Connected to MQTT broker.
2026-05-09 11:20:11,362 | INFO | device | Connected to MQTT broker.
2026-05-09 11:20:11,407 | INFO | device | Device alarm state changed: off -> on
2026-05-09 11:20:12,366 | INFO | device | Connected to MQTT broker.
2026-05-09 11:20:13,375 | INFO | device | Connected to MQTT broker.
2026-05-09 11:20:13,577 | INFO | device | Device alarm state changed: on -> off
2026-05-09 11:20:14,384 | INFO | device | Connected to MQTT broker.
2026-05-09 11:20:15,387 | INFO | device | Connected to MQTT broker.
2026-05-09 11:20:16,395 | INFO | device | Connected to MQTT broker.
2026-05-09 11:20:17,401 | INFO | device | Connected to MQTT broker.
2026-05-09 11:20:18,406 | INFO | device | Connected to MQTT broker.
2026-05-09 11:20:19,416 | INFO | device | Connected to MQTT broker.
2026-05-09 11:20:20,423 | INFO | device | Connected to MQTT broker.
2026-05-09 11:20:21,433 | INFO | device | Connected to MQTT broker.
2026-05-09 11:20:22,428 | INFO | device | Device alarm state changed: off -> on
2026-05-09 11:20:22,436 | INFO | device | Connected to MQTT broker.
2026-05-09 11:20:23,441 | INFO | device | Connected to MQTT broker.
2026-05-09 11:20:24,447 | INFO | device | Connected to MQTT broker.
2026-05-09 11:20:25,455 | INFO | device | Connected to MQTT broker.
2026-05-09 11:20:26,459 | INFO | device | Connected to MQTT broker.
2026-05-09 11:20:27,469 | INFO | device | Connected to MQTT broker.
2026-05-09 11:20:28,063 | INFO | device | Device alarm state changed: on -> off
2026-05-09 11:20:28,478 | INFO | device | Connected to MQTT broker.
2026-05-09 11:20:29,484 | INFO | device | Connected to MQTT broker.
2026-05-09 11:20:29,671 | INFO | device | Device light state changed: off -> on
2026-05-09 11:20:30,488 | INFO | device | Connected to MQTT broker.
2026-05-09 11:20:31,492 | INFO | device | Connected to MQTT broker.
2026-05-09 11:20:32,499 | INFO | device | Connected to MQTT broker.
2026-05-09 11:20:33,504 | INFO | device | Connected to MQTT broker.
2026-05-09 11:20:34,509 | INFO | device | Connected to MQTT broker.
2026-05-09 11:20:35,519 | INFO | device | Connected to MQTT broker.
2026-05-09 11:20:36,525 | INFO | device | Connected to MQTT broker.
2026-05-09 11:20:37,529 | INFO | device | Connected to MQTT broker.
2026-05-09 11:20:38,539 | INFO | device | Connected to MQTT broker.
2026-05-09 11:20:39,545 | INFO | device | Connected to MQTT broker.
2026-05-09 11:20:40,547 | INFO | device | Connected to MQTT broker.
2026-05-09 11:20:41,552 | INFO | device | Connected to MQTT broker.
2026-05-09 11:20:42,559 | INFO | device | Connected to MQTT broker.
2026-05-09 11:20:43,568 | INFO | device | Connected to MQTT broker.
2026-05-09 11:20:44,573 | INFO | device | Connected to MQTT broker.
2026-05-09 11:20:45,579 | INFO | device | Connected to MQTT broker.
2026-05-09 11:20:46,585 | INFO | device | Connected to MQTT broker.
2026-05-09 11:20:47,589 | INFO | device | Connected to MQTT broker.
2026-05-09 11:20:48,597 | INFO | device | Connected to MQTT broker.
2026-05-09 11:20:49,604 | INFO | device | Connected to MQTT broker.
2026-05-09 11:20:50,607 | INFO | device | Connected to MQTT broker.
2026-05-09 11:20:51,613 | INFO | device | Connected to MQTT broker.
2026-05-09 11:20:52,621 | INFO | device | Connected to MQTT broker.
2026-05-09 11:20:53,630 | INFO | device | Connected to MQTT broker.
2026-05-09 11:20:54,638 | INFO | device | Connected to MQTT broker.
2026-05-09 11:20:55,645 | INFO | device | Connected to MQTT broker.
2026-05-09 11:20:56,651 | INFO | device | Connected to MQTT broker.
2026-05-09 11:20:57,657 | INFO | device | Connected to MQTT broker.
2026-05-09 11:20:58,663 | INFO | device | Connected to MQTT broker.
2026-05-09 11:20:59,670 | INFO | device | Connected to MQTT broker.
2026-05-09 11:21:00,677 | INFO | device | Connected to MQTT broker.
2026-05-09 11:21:01,681 | INFO | device | Connected to MQTT broker.
2026-05-09 11:21:02,688 | INFO | device | Connected to MQTT broker.
2026-05-09 11:21:03,694 | INFO | device | Connected to MQTT broker.
2026-05-09 11:21:04,242 | INFO | device | Device light state changed: on -> off
2026-05-09 11:21:04,701 | INFO | device | Connected to MQTT broker.
2026-05-09 11:21:05,707 | INFO | device | Connected to MQTT broker.
2026-05-09 11:21:06,715 | INFO | device | Connected to MQTT broker.
2026-05-09 11:21:07,724 | INFO | device | Connected to MQTT broker.
2026-05-09 11:21:08,730 | INFO | device | Connected to MQTT broker.
2026-05-09 11:21:09,740 | INFO | device | Connected to MQTT broker.
2026-05-09 11:21:10,749 | INFO | device | Connected to MQTT broker.
2026-05-09 11:21:11,754 | INFO | device | Connected to MQTT broker.
2026-05-09 11:21:12,763 | INFO | device | Connected to MQTT broker.
2026-05-09 11:21:13,767 | INFO | device | Connected to MQTT broker.
2026-05-09 11:21:14,774 | INFO | device | Connected to MQTT broker.
2026-05-09 11:21:15,027 | INFO | device | Device light state changed: on -> off
2026-05-09 11:21:15,779 | INFO | device | Connected to MQTT broker.
2026-05-09 11:21:16,785 | INFO | device | Connected to MQTT broker.
2026-05-09 11:21:17,794 | INFO | device | Connected to MQTT broker.
2026-05-09 11:21:18,801 | INFO | device | Connected to MQTT broker.
2026-05-09 11:21:19,807 | INFO | device | Connected to MQTT broker.
2026-05-09 11:21:20,813 | INFO | device | Connected to MQTT broker.
2026-05-09 11:21:21,821 | INFO | device | Connected to MQTT broker.
2026-05-09 11:21:22,831 | INFO | device | Connected to MQTT broker.
2026-05-09 11:21:23,836 | INFO | device | Connected to MQTT broker.
2026-05-09 11:21:24,840 | INFO | device | Connected to MQTT broker.
2026-05-09 11:21:25,849 | INFO | device | Connected to MQTT broker.
2026-05-09 11:21:26,852 | INFO | device | Connected to MQTT broker.
2026-05-09 11:21:27,855 | INFO | device | Connected to MQTT broker.
2026-05-09 11:21:28,861 | INFO | device | Connected to MQTT broker.
2026-05-09 11:21:29,874 | INFO | device | Connected to MQTT broker.
2026-05-09 11:21:30,878 | INFO | device | Connected to MQTT broker.
2026-05-09 11:21:31,883 | INFO | device | Connected to MQTT broker.
2026-05-09 11:21:32,887 | INFO | device | Connected to MQTT broker.
2026-05-09 11:21:33,892 | INFO | device | Connected to MQTT broker.
2026-05-09 11:21:34,902 | INFO | device | Connected to MQTT broker.
2026-05-09 11:21:35,908 | INFO | device | Connected to MQTT broker.
2026-05-09 11:21:36,915 | INFO | device | Connected to MQTT broker.
2026-05-09 11:21:37,925 | INFO | device | Connected to MQTT broker.
2026-05-09 11:21:38,932 | INFO | device | Connected to MQTT broker.
2026-05-09 11:21:39,938 | INFO | device | Connected to MQTT broker.
2026-05-09 11:21:40,950 | INFO | device | Connected to MQTT broker.
2026-05-09 11:21:41,957 | INFO | device | Connected to MQTT broker.
2026-05-09 11:21:42,960 | INFO | device | Connected to MQTT broker.
2026-05-09 11:21:43,967 | INFO | device | Connected to MQTT broker.
2026-05-09 11:21:44,978 | INFO | device | Connected to MQTT broker.
2026-05-09 11:21:45,987 | INFO | device | Connected to MQTT broker.
2026-05-09 11:21:46,991 | INFO | device | Connected to MQTT broker.
2026-05-09 11:21:48,000 | INFO | device | Connected to MQTT broker.
2026-05-09 11:21:49,007 | INFO | device | Connected to MQTT broker.
2026-05-09 11:21:50,015 | INFO | device | Connected to MQTT broker.
2026-05-09 11:21:51,024 | INFO | device | Connected to MQTT broker.
2026-05-09 11:21:52,034 | INFO | device | Connected to MQTT broker.
2026-05-09 11:21:53,038 | INFO | device | Connected to MQTT broker.
2026-05-09 11:21:54,041 | INFO | device | Connected to MQTT broker.
2026-05-09 11:21:55,048 | INFO | device | Connected to MQTT broker.
2026-05-09 11:21:56,054 | INFO | device | Connected to MQTT broker.
2026-05-09 11:21:57,064 | INFO | device | Connected to MQTT broker.
2026-05-09 11:21:58,068 | INFO | device | Connected to MQTT broker.
2026-05-09 11:21:59,078 | INFO | device | Connected to MQTT broker.
2026-05-09 11:22:00,083 | INFO | device | Connected to MQTT broker.
2026-05-09 11:22:01,090 | INFO | device | Connected to MQTT broker.
2026-05-09 11:22:02,098 | INFO | device | Connected to MQTT broker.
2026-05-09 11:22:03,104 | INFO | device | Connected to MQTT broker.
2026-05-09 11:22:04,113 | INFO | device | Connected to MQTT broker.
2026-05-09 11:22:05,120 | INFO | device | Connected to MQTT broker.
2026-05-09 11:22:06,125 | INFO | device | Connected to MQTT broker.
2026-05-09 11:22:07,132 | INFO | device | Connected to MQTT broker.
2026-05-09 11:22:08,137 | INFO | device | Connected to MQTT broker.
2026-05-09 11:22:09,145 | INFO | device | Connected to MQTT broker.
2026-05-09 11:22:10,154 | INFO | device | Connected to MQTT broker.
2026-05-09 11:22:11,163 | INFO | device | Connected to MQTT broker.
2026-05-09 11:22:12,167 | INFO | device | Connected to MQTT broker.
2026-05-09 11:22:13,176 | INFO | device | Connected to MQTT broker.
2026-05-09 11:22:14,185 | INFO | device | Connected to MQTT broker.
2026-05-09 11:22:15,193 | INFO | device | Connected to MQTT broker.
2026-05-09 11:22:16,200 | INFO | device | Connected to MQTT broker.
2026-05-09 11:22:17,205 | INFO | device | Connected to MQTT broker.
2026-05-09 11:22:18,214 | INFO | device | Connected to MQTT broker.
2026-05-09 11:22:19,223 | INFO | device | Connected to MQTT broker.
2026-05-09 11:22:20,230 | INFO | device | Connected to MQTT broker.
2026-05-09 11:22:21,235 | INFO | device | Connected to MQTT broker.
2026-05-09 11:22:22,242 | INFO | device | Connected to MQTT broker.
2026-05-09 11:22:23,250 | INFO | device | Connected to MQTT broker.
2026-05-09 11:22:24,256 | INFO | device | Connected to MQTT broker.
2026-05-09 11:22:25,260 | INFO | device | Connected to MQTT broker.
2026-05-09 11:22:26,262 | INFO | device | Connected to MQTT broker.
2026-05-09 11:22:27,271 | INFO | device | Connected to MQTT broker.
2026-05-09 11:22:28,282 | INFO | device | Connected to MQTT broker.
2026-05-09 11:22:29,285 | INFO | device | Connected to MQTT broker.
2026-05-09 11:22:30,292 | INFO | device | Connected to MQTT broker.
2026-05-09 11:22:31,297 | INFO | device | Connected to MQTT broker.
2026-05-09 11:22:32,303 | INFO | device | Connected to MQTT broker.
2026-05-09 11:22:33,312 | INFO | device | Connected to MQTT broker.
2026-05-09 11:22:34,319 | INFO | device | Connected to MQTT broker.
2026-05-09 11:22:35,326 | INFO | device | Connected to MQTT broker.
2026-05-09 11:22:36,335 | INFO | device | Connected to MQTT broker.
2026-05-09 11:22:36,731 | INFO | device | Device alarm state changed: off -> on
2026-05-09 11:22:37,350 | INFO | device | Connected to MQTT broker.
2026-05-09 11:22:38,354 | INFO | device | Connected to MQTT broker.
2026-05-09 11:22:39,359 | INFO | device | Connected to MQTT broker.
2026-05-09 11:22:39,437 | INFO | device | Device alarm state changed: off -> on
2026-05-09 11:22:40,243 | INFO | device | Device light state changed: off -> on
2026-05-09 11:22:40,368 | INFO | device | Connected to MQTT broker.
2026-05-09 11:22:40,751 | INFO | device | Device alarm state changed: on -> off
2026-05-09 11:22:41,373 | INFO | device | Connected to MQTT broker.
2026-05-09 11:22:42,379 | INFO | device | Connected to MQTT broker.
2026-05-09 11:22:43,385 | INFO | device | Connected to MQTT broker.
2026-05-09 11:22:44,263 | INFO | device | Device alarm state changed: on -> off
2026-05-09 11:22:44,394 | INFO | device | Connected to MQTT broker.
2026-05-09 11:22:45,401 | INFO | device | Connected to MQTT broker.
2026-05-09 11:22:46,407 | INFO | device | Device light unchanged (on)
2026-05-09 11:22:46,407 | INFO | device | Connected to MQTT broker.
2026-05-09 11:22:47,412 | INFO | device | Connected to MQTT broker.
2026-05-09 11:22:48,420 | INFO | device | Connected to MQTT broker.
2026-05-09 11:22:49,428 | INFO | device | Connected to MQTT broker.
2026-05-09 11:22:50,429 | INFO | device | Connected to MQTT broker.
2026-05-09 11:22:51,435 | INFO | device | Connected to MQTT broker.
2026-05-09 11:22:52,443 | INFO | device | Connected to MQTT broker.
2026-05-09 11:22:53,451 | INFO | device | Connected to MQTT broker.
2026-05-09 11:22:54,458 | INFO | device | Connected to MQTT broker.
2026-05-09 11:22:55,461 | INFO | device | Connected to MQTT broker.
2026-05-09 11:22:56,469 | INFO | device | Connected to MQTT broker.
2026-05-09 11:22:57,476 | INFO | device | Connected to MQTT broker.
2026-05-09 11:22:58,485 | INFO | device | Connected to MQTT broker.
2026-05-09 11:22:59,492 | INFO | device | Connected to MQTT broker.
2026-05-09 11:23:00,498 | INFO | device | Connected to MQTT broker.
2026-05-09 11:23:01,504 | INFO | device | Connected to MQTT broker.
2026-05-09 11:23:02,510 | INFO | device | Connected to MQTT broker.
2026-05-09 11:23:03,517 | INFO | device | Connected to MQTT broker.
2026-05-09 11:23:04,523 | INFO | device | Connected to MQTT broker.
2026-05-09 11:23:05,527 | INFO | device | Connected to MQTT broker.
2026-05-09 11:23:06,535 | INFO | device | Connected to MQTT broker.
2026-05-09 11:23:07,288 | INFO | device | Device alarm state changed: off -> on
2026-05-09 11:23:07,541 | INFO | device | Connected to MQTT broker.
2026-05-09 11:23:08,548 | INFO | device | Connected to MQTT broker.
2026-05-09 11:23:09,554 | INFO | device | Connected to MQTT broker.
2026-05-09 11:23:10,561 | INFO | device | Connected to MQTT broker.
2026-05-09 11:23:11,569 | INFO | device | Connected to MQTT broker.
2026-05-09 11:23:12,403 | INFO | device | Device alarm unchanged (off)
2026-05-09 11:23:12,576 | INFO | device | Connected to MQTT broker.
2026-05-09 11:23:13,584 | INFO | device | Connected to MQTT broker.
2026-05-09 11:23:14,591 | INFO | device | Connected to MQTT broker.
2026-05-09 11:23:15,598 | INFO | device | Connected to MQTT broker.
2026-05-09 11:23:16,603 | INFO | device | Connected to MQTT broker.
2026-05-09 11:23:16,645 | INFO | device | Device alarm state changed: on -> off
2026-05-09 11:23:17,612 | INFO | device | Connected to MQTT broker.
2026-05-09 11:23:18,619 | INFO | device | Connected to MQTT broker.
2026-05-09 11:23:19,623 | INFO | device | Connected to MQTT broker.
2026-05-09 11:23:20,632 | INFO | device | Connected to MQTT broker.
2026-05-09 11:23:21,638 | INFO | device | Connected to MQTT broker.
2026-05-09 11:23:22,645 | INFO | device | Connected to MQTT broker.
2026-05-09 11:23:23,651 | INFO | device | Connected to MQTT broker.
2026-05-09 11:23:24,653 | INFO | device | Connected to MQTT broker.
2026-05-09 11:23:25,659 | INFO | device | Connected to MQTT broker.
2026-05-09 11:23:26,663 | INFO | device | Connected to MQTT broker.
2026-05-09 11:23:27,668 | INFO | device | Connected to MQTT broker.
2026-05-09 11:23:28,673 | INFO | device | Connected to MQTT broker.
2026-05-09 11:23:29,683 | INFO | device | Connected to MQTT broker.
2026-05-09 11:23:30,693 | INFO | device | Connected to MQTT broker.
2026-05-09 11:23:31,700 | INFO | device | Connected to MQTT broker.
2026-05-09 11:23:32,512 | INFO | device | Device alarm state changed: off -> on
2026-05-09 11:23:32,701 | INFO | device | Connected to MQTT broker.
2026-05-09 11:23:33,710 | INFO | device | Connected to MQTT broker.
2026-05-09 11:23:34,715 | INFO | device | Connected to MQTT broker.
2026-05-09 11:23:35,720 | INFO | device | Connected to MQTT broker.
2026-05-09 11:23:36,533 | INFO | device | Device alarm state changed: on -> off
2026-05-09 11:23:36,727 | INFO | device | Connected to MQTT broker.
2026-05-09 11:23:37,732 | INFO | device | Connected to MQTT broker.
2026-05-09 11:23:38,735 | INFO | device | Connected to MQTT broker.
2026-05-09 11:23:39,741 | INFO | device | Connected to MQTT broker.
2026-05-09 11:23:40,744 | INFO | device | Connected to MQTT broker.
2026-05-09 11:23:41,747 | INFO | device | Connected to MQTT broker.
2026-05-09 11:23:42,755 | INFO | device | Connected to MQTT broker.
2026-05-09 11:23:43,762 | INFO | device | Connected to MQTT broker.
2026-05-09 11:23:44,768 | INFO | device | Connected to MQTT broker.
2026-05-09 11:23:45,772 | INFO | device | Connected to MQTT broker.
2026-05-09 11:23:46,780 | INFO | device | Connected to MQTT broker.
2026-05-09 11:23:47,783 | INFO | device | Connected to MQTT broker.
2026-05-09 11:23:48,787 | INFO | device | Connected to MQTT broker.
2026-05-09 11:23:49,792 | INFO | device | Connected to MQTT broker.
2026-05-09 11:23:50,801 | INFO | device | Connected to MQTT broker.
2026-05-09 11:23:51,805 | INFO | device | Connected to MQTT broker.
2026-05-09 11:23:52,812 | INFO | device | Connected to MQTT broker.
2026-05-09 11:23:53,820 | INFO | device | Connected to MQTT broker.
2026-05-09 11:23:54,823 | INFO | device | Connected to MQTT broker.
2026-05-09 11:23:55,832 | INFO | device | Connected to MQTT broker.
2026-05-09 11:23:56,838 | INFO | device | Connected to MQTT broker.
2026-05-09 11:23:57,841 | INFO | device | Connected to MQTT broker.
2026-05-09 11:23:58,846 | INFO | device | Connected to MQTT broker.
2026-05-09 11:23:59,849 | INFO | device | Connected to MQTT broker.
2026-05-09 11:24:00,855 | INFO | device | Connected to MQTT broker.
2026-05-09 11:24:01,862 | INFO | device | Connected to MQTT broker.
2026-05-09 11:24:02,871 | INFO | device | Connected to MQTT broker.
2026-05-09 11:24:03,880 | INFO | device | Connected to MQTT broker.
2026-05-09 11:24:04,882 | INFO | device | Connected to MQTT broker.
2026-05-09 11:24:05,888 | INFO | device | Connected to MQTT broker.
2026-05-09 11:24:06,894 | INFO | device | Connected to MQTT broker.
2026-05-09 11:24:07,900 | INFO | device | Connected to MQTT broker.
2026-05-09 11:24:08,909 | INFO | device | Connected to MQTT broker.
2026-05-09 11:24:09,918 | INFO | device | Connected to MQTT broker.
2026-05-09 11:24:10,927 | INFO | device | Connected to MQTT broker.
2026-05-09 11:24:11,936 | INFO | device | Connected to MQTT broker.
2026-05-09 11:24:12,943 | INFO | device | Connected to MQTT broker.
2026-05-09 11:24:13,950 | INFO | device | Connected to MQTT broker.
2026-05-09 11:24:14,954 | INFO | device | Connected to MQTT broker.
2026-05-09 11:24:15,964 | INFO | device | Connected to MQTT broker.
2026-05-09 11:24:16,719 | INFO | device | Device light state changed: on -> off
2026-05-09 11:24:16,966 | INFO | device | Connected to MQTT broker.
2026-05-09 11:24:17,970 | INFO | device | Connected to MQTT broker.
2026-05-09 11:24:18,979 | INFO | device | Connected to MQTT broker.
2026-05-09 11:24:19,988 | INFO | device | Connected to MQTT broker.
2026-05-09 11:24:20,994 | INFO | device | Connected to MQTT broker.
2026-05-09 11:24:22,001 | INFO | device | Connected to MQTT broker.
2026-05-09 11:24:23,010 | INFO | device | Connected to MQTT broker.
2026-05-09 11:24:24,016 | INFO | device | Connected to MQTT broker.
2026-05-09 11:24:25,020 | INFO | device | Connected to MQTT broker.
2026-05-09 11:24:26,029 | INFO | device | Connected to MQTT broker.
2026-05-09 11:24:27,034 | INFO | device | Connected to MQTT broker.
2026-05-09 11:24:28,036 | INFO | device | Connected to MQTT broker.
2026-05-09 11:24:29,044 | INFO | device | Connected to MQTT broker.
2026-05-09 11:24:30,051 | INFO | device | Connected to MQTT broker.
2026-05-09 11:24:31,058 | INFO | device | Connected to MQTT broker.
2026-05-09 11:24:32,065 | INFO | device | Connected to MQTT broker.
2026-05-09 11:24:33,075 | INFO | device | Connected to MQTT broker.
2026-05-09 11:24:34,084 | INFO | device | Connected to MQTT broker.
2026-05-09 11:24:35,092 | INFO | device | Connected to MQTT broker.
2026-05-09 11:24:36,098 | INFO | device | Connected to MQTT broker.
2026-05-09 11:24:37,104 | INFO | device | Connected to MQTT broker.
2026-05-09 11:24:38,108 | INFO | device | Connected to MQTT broker.
2026-05-09 11:24:39,111 | INFO | device | Connected to MQTT broker.
2026-05-09 11:24:40,119 | INFO | device | Connected to MQTT broker.
2026-05-09 11:24:41,126 | INFO | device | Connected to MQTT broker.
